---
source: packages/hooks-test/tests/no_args.rs
expression: "use_one_hook::hook_impl_code()"
---
fn use_one_hook() -> impl ::hooks::core::UpdateHookUninitialized<
    Uninitialized = impl ::hooks::core::HookPollNextUpdate + ::hooks::core::HookUnmount + ::core::default::Default,
    Hook = impl ::hooks::core::Hook + for<'hook> ::hooks::core::HookValue<
        'hook,
        Value = &'hook mut i32,
    >,
> {
    enum __HooksImplNever {}
    struct __HooksValueOfThisHook {
        __: (__HooksImplNever,),
    }
    impl<'hook> ::hooks::core::HookValue<'hook> for __HooksValueOfThisHook {
        type Value = &'hook mut i32;
    }
    ::hooks::core::fn_hook::use_fn_hook::<
        __HooksValueOfThisHook,
        _,
        _,
    >(move |__hooks_hook_0: ::core::pin::Pin<&mut _>| {
        let v = ::hooks::core::UpdateHookUninitialized::h(
            ::hooks::use_lazy_pinned(0),
            __hooks_hook_0,
        );
        v.get_mut()
    })
}
