---
source: packages/hooks-test/tests/no_args.rs
expression: "use_hook_lt::hook_impl_code()"
---
fn use_hook_lt() -> impl ::hooks::core::UpdateHookUninitialized<
    Hook = impl ::hooks::core::Hook + for<'hook> ::hooks::core::HookValue<
        'hook,
        Value = &'hook i32,
    >,
> {
    enum __HooksImplNever {}
    struct __HooksValueOfThisHook {
        __: (__HooksImplNever,),
    }
    impl<'hook> ::hooks::core::HookValue<'hook> for __HooksValueOfThisHook {
        type Value = &'hook i32;
    }
    ::hooks::core::fn_hook::use_fn_hook::<
        __HooksValueOfThisHook,
        _,
        _,
    >(move |_: ::core::pin::Pin<&mut ::hooks::core::HookTuple::<()>>| {
        static VALUE: i32 = 2;
        &VALUE
    })
}

