---
source: packages/hooks-test/tests/no_args.rs
expression: "use_tuple_0::hook_impl_code()"
---
fn use_tuple_0() -> impl ::hooks::core::UpdateHookUninitialized<
    Uninitialized = impl ::hooks::core::HookPollNextUpdate + ::hooks::core::HookUnmount + ::core::default::Default,
    Hook = impl ::hooks::core::Hook + for<'hook> ::hooks::core::HookValue<
        'hook,
        Value = (),
    >,
> {
    enum __HooksImplNever {}
    struct __HooksValueOfThisHook {
        __: (__HooksImplNever,),
    }
    impl<'hook> ::hooks::core::HookValue<'hook> for __HooksValueOfThisHook {
        type Value = ();
    }
    ::hooks::core::fn_hook::use_fn_hook::<
        __HooksValueOfThisHook,
        _,
        _,
    >(move |_: ::core::pin::Pin<&mut ::hooks::core::HookTuple::<()>>| {})
}
